   Compiling inky-paper v0.6.4 (C:\Users\31009\clauddd\Inky-Paper\src-tauri)
    Finished `test` profile [unoptimized + debuginfo] target(s) in 3.82s
     Running unittests src\main.rs (src-tauri\target\debug\deps\inky_paper-50887a13b8254582.exe)

running 109 tests
test coach::tests::runtime_historical_load_benchmark ... ignored, explicit historical-load benchmark
test coach_runtime::tests::manual_coaching_kinds_remain_available_but_observation_cannot_call_a_model ... ok
test layout_tests::expansion_stays_inside_work_area_including_negative_monitors ... ok
test notice_window::tests::bounds_count_characters_and_invalid_input_preserves_the_current_notice ... ok
test notice_window::tests::newest_notice_replaces_the_previous_without_queuing ... ok
test notice_window::tests::placement_prefers_the_right_then_left_and_clamps_to_work_area ... ok
test notice_window::tests::reused_id_cannot_be_expired_by_a_previous_timer ... ok
test coach::tests::local_observation_is_opt_in_and_automatic_coaching_cannot_be_enabled ... ok
test coach::tests::unread_legacy_episodes_are_cancelled_once_without_losing_history ... ok
test coach::tests::proposal_acceptance_is_versioned_and_goal_does_not_replace_step ... ok
test coach::tests::reading_and_sampling_gaps_do_not_create_false_episodes ... ok
test coach::tests::proposal_staleness_and_active_clock_protect_history ... ok
test coach::tests::runtime_persists_legacy_cancellation_and_keeps_a_single_work_end_notice ... ok
test coach::tests::end_work_event_identifies_the_ended_block_and_feedback ... ok
test coach::tests::stopping_an_episode_prevents_retry_without_changing_task ... ok
test coach::tests::local_observations_expire_and_cannot_be_automatically_reclassified ... ok
test coach::tests::runtime_tick_skips_sampling_without_work_or_when_disabled ... ok
test coach::tests::old_state_loads_and_feedback_is_available_to_hermes ... ok
test coach::tests::waiting_pauses_only_by_user_and_expiry_does_not_end_clock ... ok
test coach::tests::work_start_is_atomic_idempotent_and_unknown_energy_is_preserved ... ok
test coach::tests::progress_does_not_complete_task_and_clock_can_be_kept ... ok
test coach::tests::raw_titles_are_not_written_to_events_or_request_cache ... ok
test paper::p0p1_data_tests::title_only_preparation_creates_a_stable_step_atomically_and_never_a_clock ... ok
test paper::p0p1_data_tests::continue_reuses_existing_target_and_retry_preserves_history ... ok
test coach::tests::legacy_enabled_settings_and_classified_activity_do_not_create_prompts ... ok
test paper::tests::elapsed_caps_and_pause_excluded ... ok
test paper::p0p1_data_tests::cancellation_checks_complete_unexecuted_set_and_keeps_executed_source ... ok
test paper::p0p1_data_tests::optional_metadata_roundtrips_and_invalid_date_rolls_back ... ok
test coach::tests::adopting_with_a_clock_is_atomic_versioned_and_preserves_the_snapshot ... ok
test paper::tests::converting_note_is_atomic_and_does_not_duplicate_tasks ... ok
test paper::tests::rejected_patch_does_not_partially_save ... ok
test paper::tests::expired_session_reconciles_once_after_restart ... ok
test paper::tests::stale_write_and_duplicate_request ... ok
test paper::tests::pause_resume_and_no_parent_completion ... ok
test paper::p0p1_data_tests::work_block_clock_keeps_prepared_future_origin_and_rejects_cancelled_origin ... ok
test paper::tests::task_metadata_roundtrip_and_legacy_defaults ... ok
test paper::tests::step_finish_keeps_parent_and_preserves_agent_next_step ... ok
test paper::tests::task_without_step_gets_a_stable_action_and_stays_pending ... ok
test paper::tests::focus_notes_keep_snapshot_and_filter_by_task ... ok
test paper_permissions::tests::model_and_click_capabilities_do_not_overlap_on_writes ... ok
test paper_permissions::tests::denied_model_requests_leave_state_events_and_request_cache_untouched ... ok
test paper_planning::tests::adopted_step_is_reused_across_days_and_removed_item_can_be_readded ... ok
test paper_planning::tests::candidates_are_separate_and_selected_cards_save_atomically_without_a_clock ... ok
test paper_migration::tests::new_and_memory_databases_mark_version_without_a_backup ... ok
test paper_planning::tests::completing_old_session_marks_only_its_step_and_preserves_selected_next_step ... ok
test paper_planning::tests::daily_summary_is_versioned_without_invalidating_itself_or_creating_plans ... ok
test paper_planning::tests::intervals_split_midnight_and_exclude_pause_time ... ok
test paper_planning::tests::invalid_selected_override_does_not_save_any_card_or_event ... ok
test paper_planning::tests::invalid_date_stale_step_and_mismatched_daily_item_are_rejected ... ok
test paper_planning::tests::edited_adopted_card_gets_a_new_step_without_mutating_session_snapshot ... ok
test paper_planning::tests::legacy_sessions_report_limited_daily_precision_without_double_counting ... ok
test paper_planning::tests::legacy_next_action_changes_preserve_previous_step_identity ... ok
test paper_planning::tests::manual_completion_imports_legacy_steps_and_invalidates_daily_summary_without_a_plan_or_clock ... ok
test paper_migration::tests::backup_failure_keeps_version_zero_and_existing_content_untouched ... ok
test paper_planning::tests::manual_step_completion_and_undo_sync_current_action_once_without_completing_parent ... ok
test paper_planning::tests::manual_completion_of_noncurrent_step_preserves_parent_and_historical_clock_snapshot ... ok
test paper_planning::tests::millisecond_midnight_boundary_keeps_daily_seconds_equal_to_clock_total ... ok
test paper_planning::tests::manual_step_completion_rejects_remote_sources_bad_versions_and_inputs_atomically ... ok
test paper_planning::tests::manual_step_facts_keep_snapshots_and_belong_to_the_operation_day_at_the_requested_offset ... ok
test paper_migration::tests::mismatched_path_cannot_place_backup_beside_another_database ... ok
test paper_planning::tests::overrides_for_unselected_cards_and_reused_request_ids_are_rejected ... ok
test paper_planning::tests::stale_task_keeps_candidates_and_requires_reviewed_revision ... ok
test paper_planning::tests::runtime_emits_one_compact_event_for_expiry_and_legacy_step_import ... ok
test paper_planning::tests::manual_step_completion_locks_only_the_target_task_for_each_active_clock_status ... ok
test paper::tests::persistence_and_event_cursor ... ok
test paper_markdown::tests::oversized_personal_note_is_bounded_and_never_overwritten ... ok
test paper_planning::tests::work_start_clock_links_to_today_card_and_explicit_prior_day_link_wins ... ok
test paper_markdown::tests::generated_files_preserve_manual_edits_and_do_not_touch_notes ... ok
test paper_migration::tests::invalid_state_and_unknown_version_reject_before_backup_or_marker_changes ... ok
test paper_migration::tests::legacy_wal_backup_preserves_all_facts_and_requests_and_reopen_does_not_repeat ... ok
test plan_adjustments::tests::continue_keeps_old_source_link_and_reuses_target ... ok
test plan_adjustments::tests::continue_preview_reuses_existing_target_and_keeps_its_reservation ... ok
test plan_adjustments::tests::all_selected_groups_validate_against_initial_state_and_any_stale_group_rolls_back ... ok
test paper_markdown::tests::work_without_a_pomodoro_exports_its_day_and_feedback ... ok
test plan_adjustments::tests::active_affected_sessions_block_adoption_but_allow_preview ... ok
test plan_adjustments::tests::cross_group_membership_and_reorder_dependencies_are_rejected_before_preview_save ... ok
test plan_adjustments::tests::date_only_move_preserves_time_and_explicit_duration_clear_is_previewed ... ok
test plan_adjustments::tests::invalid_shapes_and_model_adoption_cannot_change_state ... ok
test plan_adjustments::tests::multi_action_group_accepts_original_versions_once_and_preserves_old_step ... ok
test paper_migration::tests::rollback_rehearsal_retains_post_upgrade_data_and_restores_only_to_a_separate_path ... ok
test plan_adjustments::tests::local_revision_rebuilds_preview_without_committing_plan_and_rejects_stale_basis ... ok
test plan_adjustments::tests::different_groups_cannot_silently_overwrite_the_same_arrangement ... ok
test plan_adjustments::tests::reorder_preview_keeps_the_unchanged_middle_item_and_context ... ok
test plan_adjustments::tests::preview_is_read_only_and_narrow_preserves_original_goal_and_execution_history ... ok
test paper_markdown::tests::export_error_reports_pending_without_erasing_database ... ok
test plan_adjustments::tests::reservation_supports_duration_only_and_cancellation_clears_start ... ok
test plan_adjustments::tests::reorder_needs_complete_unchanged_day_and_supports_completed_rows ... ok
test workbench::tests::choosing_next_step_does_not_start_a_clock_and_rejects_switching_during_a_session ... ok
test paper_markdown::tests::creating_a_historical_note_template_does_not_invalidate_a_new_summary ... ok
test workbench_context::tests::invalid_dates_missing_targets_and_mismatched_selection_are_rejected_without_writes ... ok
test paper_markdown::tests::historical_manual_step_facts_export_their_day_without_other_records ... ok
test coach::tests::explicit_rest_cancels_a_pending_retry ... ok
test plan_adjustments::tests::two_same_task_groups_can_be_adopted_separately_without_accepting_external_edits ... ok
test paper_markdown::tests::manual_step_changes_export_without_a_plan_or_clock_after_each_commit ... ok
test workbench_context::tests::alternating_steps_keep_the_latest_exact_session_and_do_not_revive_an_old_cue ... ok
test workbench_context::tests::legacy_scope_is_upgraded_and_forged_titles_dates_and_facts_are_replaced ... ok
test plan_adjustments::tests::sqlite_transaction_retry_reuses_result_and_records_changes_once ... ok
test paper_markdown::tests::handwritten_notes_invalidate_summary_export_without_a_database_event ... ok
test workbench_context::tests::planning_includes_only_the_day_selected_object_and_bounded_unplanned_work ... ok
test workbench_context::tests::large_scopes_are_bounded_and_marked_instead_of_appearing_complete ... ok
test workbench_context::tests::review_reuses_daily_record_versions_and_reads_notes_without_export_or_model_calls ... ok
test workbench_plan::tests::invalid_schedule_rolls_back_and_legacy_fields_default ... ok
test workbench_plan::tests::transactions_retry_conflict_and_immutable_session ... ok
test workbench::tests::history_keeps_request_scope_after_reopen_without_guessing_legacy_dates ... ok
test paper_markdown::tests::midnight_intervals_split_daily_time_without_expanding_years_of_paused_history ... ok
test workbench_context::tests::stuck_reads_only_latest_feedback_for_exact_step_without_inventing_a_blocker ... ok
test paper::p0p1_data_tests::prepared_source_persists_without_clock_and_active_clock_rejects_replacement ... ok
test workbench_context::tests::review_picks_up_edited_personal_notes_without_generating_markdown ... ok
test workbench_journal::tests::original_text_and_external_edits_are_read_without_writing_or_creating_days ... ok

test result: ok. 108 passed; 0 failed; 1 ignored; 0 measured; 0 filtered out; finished in 0.17s

